
> plug-it@0.0.0 test
> vitest tests/baseline.test.ts


[1m[44m DEV [49m[22m [34mv4.0.16 [39m[90mC:/projects/CancelSubscriptions/just-fucking-cancel[39m

[90mstdout[2m | tests/baseline.test.ts[2m > [22m[2mBaseline Regression Test[2m > [22m[2mshould match the baseline snapshot
[22m[39m[DEBUG] Processing cluster 0: 4 items @ $25
[DEBUG] Processing cluster 1: 4 items @ $35

 [31mΓ¥»[39m tests/baseline.test.ts [2m([22m[2m1 test[22m[2m | [22m[31m1 failed[39m[2m)[22m[33m 651[2mms[22m[39m
[31m     [31m├ù[31m should match the baseline snapshot[39m[32m 36[2mms[22m[39m
node.exe : 
At line:1 char:1
+ & "C:\Program Files\nodejs/node.exe" "C:\Program Files\nodejs/node_mo ...
+ ~~~~~~~~~~~~~~~~~~~~~~~~~~~~~~~~~~~~~~~~~~~~~~~~~~~~~~~~~~~~~~~~~~~~~
    + CategoryInfo          : NotSpecified: (:String) [], R    emoteException
    + FullyQualifiedErrorId : NativeCommandError
 
[31mΓÄ»ΓÄ»ΓÄ»ΓÄ»ΓÄ»ΓÄ»ΓÄ»[39m[1m[41m Failed Tests 1 [49m[22m[31mΓÄ»ΓÄ»ΓÄ»ΓÄ»ΓÄ»ΓÄ»ΓÄ»[39m

[41m[1m FAIL [22m[49m tests/baseline.test.ts[2m > [22mBaseline Regression Test[2m > [22mshould match the baseline snapshot
[31m[1mAssertionError[22m: expected [ { ΓÇª(4) }, { ΓÇª(4) }, { ΓÇª(4) }, ΓÇª(6) ] to deeply equal [ { ΓÇª(4) }, { ΓÇª(4) }, { ΓÇª(4) }, ΓÇª(8) ][39m

[32m- Expected[39m
[31m+ Received[39m

[33m@@ -1,10 +1,10 @@[39m
[2m  [[22m
[2m    {[22m
[2m      "amount": 23,[22m
[32m-     "confidence": "High",[39m
[32m-     "frequency": "Monthly",[39m
[31m+     "confidence": "Low",[39m
[31m+     "frequency": "Yearly",[39m
[2m      "name": "GOOGLE GOOGLE ONE",[22m
[2m    },[22m
[2m    {[22m
[2m      "amount": 18,[22m
[2m      "confidence": "Low",[22m
[33m@@ -14,27 +14,21 @@[39m
[2m    {[22m
[2m      "amount": 9,[22m
[2m      "confidence": "High",[22m
[2m      "frequency": "Monthly",[22m
[2m      "name": "NETFLIX",[22m
[32m-   },[39m
[32m-   {[39m
[32m-     "amount": 6,[39m
[32m-     "confidence": "Low",[39m
[32m-     "frequency": "Yearly",[39m
[32m-     "name": "PENSAC",[39m
[2m    },[22m
[2m    {[22m
[2m      "amount": 109,[22m
[2m      "confidence": "High",[22m
[2m      "frequency": "Monthly",[22m
[2m      "name": "PY LIVEOAK",[22m
[2m    },[22m
[2m    {[22m
[2m      "amount": 5,[22m
[32m-     "confidence": "High",[39m
[32m-     "frequency": "Monthly",[39m
[31m+     "confidence": "Low",[39m
[31m+     "frequency": "Yearly",[39m
[2m      "name": "SIRIUSXM",[22m
[2m    },[22m
[2m    {[22m
[2m      "amount": 8,[22m
[2m      "confidence": "High",[22m
[33m@@ -50,16 +44,10 @@[39m
[2m    {[22m
[2m      "amount": 35,[22m
[2m      "confidence": "High",[22m
[2m      "frequency": "Monthly",[22m
[2m      "name": "VISIBLE",[22m
[32m-   },[39m
[32m-   {[39m
[32m-     "amount": 39,[39m
[32m-     "confidence": "Low",[39m
[32m-     "frequency": "Yearly",[39m
[32m-     "name": "WWMC PA",[39m
[2m    },[22m
[2m    {[22m
[2m      "amount": 95,[22m
[2m      "confidence": "High",[22m
[2m      "frequency": "Monthly",[22m

[36m [2mΓ¥»[22m tests/baseline.test.ts:[2m84:25[22m[39m
    [90m 82| [39m        [90m// This will fail if the results differ from the baseline[39m
    [90m 83| [39m        [90m// Use deep equal to catch any logic changes[39m
    [90m 84| [39m        [34mexpect[39m(results)[33m.[39m[34mtoEqual[39m(baseline)[33m;[39m
    [90m   | [39m                        [31m^[39m
    [90m 85| [39m    })[33m;[39m
    [90m 86| [39m})[33m;[39m

[31m[2mΓÄ»ΓÄ»ΓÄ»ΓÄ»ΓÄ»ΓÄ»ΓÄ»ΓÄ»ΓÄ»ΓÄ»ΓÄ»ΓÄ»ΓÄ»ΓÄ»ΓÄ»ΓÄ»ΓÄ»ΓÄ»ΓÄ»ΓÄ»ΓÄ»ΓÄ»ΓÄ»ΓÄ»[1/1]ΓÄ»[22m[39m


[2m Test Files [22m [1m[31m1 failed[39m[22m[90m (1)[39m
[2m      Tests [22m [1m[31m1 failed[39m[22m[90m (1)[39m
[2m   Start at [22m 14:28:00
[2m   Duration [22m 2.36s[2m (transform 185ms, setup 0ms, import 692ms, tests 651ms, environment 0ms)[22m

[1m[41m FAIL [49m[22m [31mTests failed. Watching for file changes...[39m
       [2mpress [22m[1mh[22m[2m to show help[22m[2m, [22m[2mpress [22m[1mq[22m[2m to quit[22m
